[mmcv_shim] Detected mmcv 2.x, applying compatibility patches...
[mmcv_shim] mmcv.parallel patched successfully
[mmcv_shim] Patching mmcv.runner...
[mmcv_shim] mmcv.runner patched successfully
[mmcv_shim] Patching mmcv.Config...
[mmcv_shim] mmcv.Config patched successfully
[mmcv_shim] Patching mmcv.fileio...
[mmcv_shim] mmcv.fileio patched successfully
[mmcv_shim] Patching mmcv.utils...
[mmcv_shim] mmcv.utils patched successfully
[mmcv_shim] Patching mmcv.jit...
[mmcv_shim] mmcv.jit patched successfully
[mmcv_shim] Patching mmcv.ops...
[mmcv_shim] mmcv.ops patched successfully with torchvision alternatives
[mmcv_shim] Patching mmcv.cnn...
[mmcv_shim] mmcv.cnn patched successfully
[mmcv_shim] Patching mmcv.cnn.bricks.transformer...
[mmcv_shim] mmcv.cnn.bricks.transformer patched successfully
[mmcv_shim] Patching mmcv.cnn.bricks.registry...
[mmcv_shim] mmcv.cnn.bricks.registry patched successfully
[mmcv_shim] Patching mmcv.cnn.utils.weight_init...
[mmcv_shim] mmcv.cnn.utils.weight_init patched successfully
[mmcv_shim] All compatibility patches applied!
============================================================
Co-DETR Model Test
============================================================

PyTorch version: 2.7.0+cu128
CUDA available: True
CUDA version: 12.8
GPU: NVIDIA GeForce RTX 5070 Ti Laptop GPU

Test image: D:\010_CodePrograms\1assignment_done\251128sdxx\实验2\深度学习实验2资料\deep2\SSD-Resnet-Attention-FeatureFusion-master\datasets\VOC2007\JPEGImages\000001.jpg

Loading model...
Config: D:\010_CodePrograms\1assignment_done\251128sdxx\实验2\深度学习实验2资料\deep2\Co-DETR\projects\configs\co_dino_vit\co_dino_5scale_vit_large_coco.py
Checkpoint: D:\010_CodePrograms\1assignment_done\251128sdxx\实验2\深度学习实验2资料\deep2\co-detr-vit-large-coco\pytorch_model.pth
Device: cuda:0
======== shape of rope freq torch.Size([576, 64]) ========
======== shape of rope freq torch.Size([9216, 64]) ========
The model and loaded state dict do not match exactly

unexpected key in source state_dict: ema_backbone_pos_embed, ema_backbone_patch_embed_proj_weight, ema_backbone_patch_embed_proj_bias, ema_backbone_rope_win_freqs_cos, ema_backbone_rope_win_freqs_sin, ema_backbone_blocks_0_norm1_weight, ema_backbone_blocks_0_norm1_bias, ema_backbone_blocks_0_attn_q_bias, ema_backbone_blocks_0_attn_v_bias, ema_backbone_blocks_0_attn_q_proj_weight, ema_backbone_blocks_0_attn_k_proj_weight, ema_backbone_blocks_0_attn_v_proj_weight, ema_backbone_blocks_0_attn_rope_freqs_cos, ema_backbone_blocks_0_attn_rope_freqs_sin, ema_backbone_blocks_0_attn_proj_weight, ema_backbone_blocks_0_attn_proj_bias, ema_backbone_blocks_0_norm2_weight, ema_backbone_blocks_0_norm2_bias, ema_backbone_blocks_0_mlp_w1_weight, ema_backbone_blocks_0_mlp_w1_bias, ema_backbone_blocks_0_mlp_w2_weight, ema_backbone_blocks_0_mlp_w2_bias, ema_backbone_blocks_0_mlp_ffn_ln_weight, ema_backbone_blocks_0_mlp_ffn_ln_bias, ema_backbone_blocks_0_mlp_w3_weight, ema_backbone_blocks_0_mlp_w3_bias, ema_backbone_blocks_1_norm1_weight, ema_backbone_blocks_1_norm1_bias, ema_backbone_blocks_1_attn_q_bias, ema_backbone_blocks_1_attn_v_bias, ema_backbone_blocks_1_attn_q_proj_weight, ema_backbone_blocks_1_attn_k_proj_weight, ema_backbone_blocks_1_attn_v_proj_weight, ema_backbone_blocks_1_attn_rope_freqs_cos, ema_backbone_blocks_1_attn_rope_freqs_sin, ema_backbone_blocks_1_attn_proj_weight, ema_backbone_blocks_1_attn_proj_bias, ema_backbone_blocks_1_norm2_weight, ema_backbone_blocks_1_norm2_bias, ema_backbone_blocks_1_mlp_w1_weight, ema_backbone_blocks_1_mlp_w1_bias, ema_backbone_blocks_1_mlp_w2_weight, ema_backbone_blocks_1_mlp_w2_bias, ema_backbone_blocks_1_mlp_ffn_ln_weight, ema_backbone_blocks_1_mlp_ffn_ln_bias, ema_backbone_blocks_1_mlp_w3_weight, ema_backbone_blocks_1_mlp_w3_bias, ema_backbone_blocks_2_norm1_weight, ema_backbone_blocks_2_norm1_bias, ema_backbone_blocks_2_attn_q_bias, ema_backbone_blocks_2_attn_v_bias, ema_backbone_blocks_2_attn_q_proj_weight, ema_backbone_blocks_2_attn_k_proj_weight, ema_backbone_blocks_2_attn_v_proj_weight, ema_backbone_blocks_2_attn_rope_freqs_cos, ema_backbone_blocks_2_attn_rope_freqs_sin, ema_backbone_blocks_2_attn_proj_weight, ema_backbone_blocks_2_attn_proj_bias, ema_backbone_blocks_2_norm2_weight, ema_backbone_blocks_2_norm2_bias, ema_backbone_blocks_2_mlp_w1_weight, ema_backbone_blocks_2_mlp_w1_bias, ema_backbone_blocks_2_mlp_w2_weight, ema_backbone_blocks_2_mlp_w2_bias, ema_backbone_blocks_2_mlp_ffn_ln_weight, ema_backbone_blocks_2_mlp_ffn_ln_bias, ema_backbone_blocks_2_mlp_w3_weight, ema_backbone_blocks_2_mlp_w3_bias, ema_backbone_blocks_3_norm1_weight, ema_backbone_blocks_3_norm1_bias, ema_backbone_blocks_3_attn_q_bias, ema_backbone_blocks_3_attn_v_bias, ema_backbone_blocks_3_attn_q_proj_weight, ema_backbone_blocks_3_attn_k_proj_weight, ema_backbone_blocks_3_attn_v_proj_weight, ema_backbone_blocks_3_attn_proj_weight, ema_backbone_blocks_3_attn_proj_bias, ema_backbone_blocks_3_norm2_weight, ema_backbone_blocks_3_norm2_bias, ema_backbone_blocks_3_mlp_w1_weight, ema_backbone_blocks_3_mlp_w1_bias, ema_backbone_blocks_3_mlp_w2_weight, ema_backbone_blocks_3_mlp_w2_bias, ema_backbone_blocks_3_mlp_ffn_ln_weight, ema_backbone_blocks_3_mlp_ffn_ln_bias, ema_backbone_blocks_3_mlp_w3_weight, ema_backbone_blocks_3_mlp_w3_bias, ema_backbone_blocks_4_norm1_weight, ema_backbone_blocks_4_norm1_bias, ema_backbone_blocks_4_attn_q_bias, ema_backbone_blocks_4_attn_v_bias, ema_backbone_blocks_4_attn_q_proj_weight, ema_backbone_blocks_4_attn_k_proj_weight, ema_backbone_blocks_4_attn_v_proj_weight, ema_backbone_blocks_4_attn_rope_freqs_cos, ema_backbone_blocks_4_attn_rope_freqs_sin, ema_backbone_blocks_4_attn_proj_weight, ema_backbone_blocks_4_attn_proj_bias, ema_backbone_blocks_4_norm2_weight, ema_backbone_blocks_4_norm2_bias, ema_backbone_blocks_4_mlp_w1_weight, ema_backbone_blocks_4_mlp_w1_bias, ema_backbone_blocks_4_mlp_w2_weight, ema_backbone_blocks_4_mlp_w2_bias, ema_backbone_blocks_4_mlp_ffn_ln_weight, ema_backbone_blocks_4_mlp_ffn_ln_bias, ema_backbone_blocks_4_mlp_w3_weight, ema_backbone_blocks_4_mlp_w3_bias, ema_backbone_blocks_5_norm1_weight, ema_backbone_blocks_5_norm1_bias, ema_backbone_blocks_5_attn_q_bias, ema_backbone_blocks_5_attn_v_bias, ema_backbone_blocks_5_attn_q_proj_weight, ema_backbone_blocks_5_attn_k_proj_weight, ema_backbone_blocks_5_attn_v_proj_weight, ema_backbone_blocks_5_attn_rope_freqs_cos, ema_backbone_blocks_5_attn_rope_freqs_sin, ema_backbone_blocks_5_attn_proj_weight, ema_backbone_blocks_5_attn_proj_bias, ema_backbone_blocks_5_norm2_weight, ema_backbone_blocks_5_norm2_bias, ema_backbone_blocks_5_mlp_w1_weight, ema_backbone_blocks_5_mlp_w1_bias, ema_backbone_blocks_5_mlp_w2_weight, ema_backbone_blocks_5_mlp_w2_bias, ema_backbone_blocks_5_mlp_ffn_ln_weight, ema_backbone_blocks_5_mlp_ffn_ln_bias, ema_backbone_blocks_5_mlp_w3_weight, ema_backbone_blocks_5_mlp_w3_bias, ema_backbone_blocks_6_norm1_weight, ema_backbone_blocks_6_norm1_bias, ema_backbone_blocks_6_attn_q_bias, ema_backbone_blocks_6_attn_v_bias, ema_backbone_blocks_6_attn_q_proj_weight, ema_backbone_blocks_6_attn_k_proj_weight, ema_backbone_blocks_6_attn_v_proj_weight, ema_backbone_blocks_6_attn_rope_freqs_cos, ema_backbone_blocks_6_attn_rope_freqs_sin, ema_backbone_blocks_6_attn_proj_weight, ema_backbone_blocks_6_attn_proj_bias, ema_backbone_blocks_6_norm2_weight, ema_backbone_blocks_6_norm2_bias, ema_backbone_blocks_6_mlp_w1_weight, ema_backbone_blocks_6_mlp_w1_bias, ema_backbone_blocks_6_mlp_w2_weight, ema_backbone_blocks_6_mlp_w2_bias, ema_backbone_blocks_6_mlp_ffn_ln_weight, ema_backbone_blocks_6_mlp_ffn_ln_bias, ema_backbone_blocks_6_mlp_w3_weight, ema_backbone_blocks_6_mlp_w3_bias, ema_backbone_blocks_7_norm1_weight, ema_backbone_blocks_7_norm1_bias, ema_backbone_blocks_7_attn_q_bias, ema_backbone_blocks_7_attn_v_bias, ema_backbone_blocks_7_attn_q_proj_weight, ema_backbone_blocks_7_attn_k_proj_weight, ema_backbone_blocks_7_attn_v_proj_weight, ema_backbone_blocks_7_attn_proj_weight, ema_backbone_blocks_7_attn_proj_bias, ema_backbone_blocks_7_norm2_weight, ema_backbone_blocks_7_norm2_bias, ema_backbone_blocks_7_mlp_w1_weight, ema_backbone_blocks_7_mlp_w1_bias, ema_backbone_blocks_7_mlp_w2_weight, ema_backbone_blocks_7_mlp_w2_bias, ema_backbone_blocks_7_mlp_ffn_ln_weight, ema_backbone_blocks_7_mlp_ffn_ln_bias, ema_backbone_blocks_7_mlp_w3_weight, ema_backbone_blocks_7_mlp_w3_bias, ema_backbone_blocks_8_norm1_weight, ema_backbone_blocks_8_norm1_bias, ema_backbone_blocks_8_attn_q_bias, ema_backbone_blocks_8_attn_v_bias, ema_backbone_blocks_8_attn_q_proj_weight, ema_backbone_blocks_8_attn_k_proj_weight, ema_backbone_blocks_8_attn_v_proj_weight, ema_backbone_blocks_8_attn_rope_freqs_cos, ema_backbone_blocks_8_attn_rope_freqs_sin, ema_backbone_blocks_8_attn_proj_weight, ema_backbone_blocks_8_attn_proj_bias, ema_backbone_blocks_8_norm2_weight, ema_backbone_blocks_8_norm2_bias, ema_backbone_blocks_8_mlp_w1_weight, ema_backbone_blocks_8_mlp_w1_bias, ema_backbone_blocks_8_mlp_w2_weight, ema_backbone_blocks_8_mlp_w2_bias, ema_backbone_blocks_8_mlp_ffn_ln_weight, ema_backbone_blocks_8_mlp_ffn_ln_bias, ema_backbone_blocks_8_mlp_w3_weight, ema_backbone_blocks_8_mlp_w3_bias, ema_backbone_blocks_9_norm1_weight, ema_backbone_blocks_9_norm1_bias, ema_backbone_blocks_9_attn_q_bias, ema_backbone_blocks_9_attn_v_bias, ema_backbone_blocks_9_attn_q_proj_weight, ema_backbone_blocks_9_attn_k_proj_weight, ema_backbone_blocks_9_attn_v_proj_weight, ema_backbone_blocks_9_attn_rope_freqs_cos, ema_backbone_blocks_9_attn_rope_freqs_sin, ema_backbone_blocks_9_attn_proj_weight, ema_backbone_blocks_9_attn_proj_bias, ema_backbone_blocks_9_norm2_weight, ema_backbone_blocks_9_norm2_bias, ema_backbone_blocks_9_mlp_w1_weight, ema_backbone_blocks_9_mlp_w1_bias, ema_backbone_blocks_9_mlp_w2_weight, ema_backbone_blocks_9_mlp_w2_bias, ema_backbone_blocks_9_mlp_ffn_ln_weight, ema_backbone_blocks_9_mlp_ffn_ln_bias, ema_backbone_blocks_9_mlp_w3_weight, ema_backbone_blocks_9_mlp_w3_bias, ema_backbone_blocks_10_norm1_weight, ema_backbone_blocks_10_norm1_bias, ema_backbone_blocks_10_attn_q_bias, ema_backbone_blocks_10_attn_v_bias, ema_backbone_blocks_10_attn_q_proj_weight, ema_backbone_blocks_10_attn_k_proj_weight, ema_backbone_blocks_10_attn_v_proj_weight, ema_backbone_blocks_10_attn_rope_freqs_cos, ema_backbone_blocks_10_attn_rope_freqs_sin, ema_backbone_blocks_10_attn_proj_weight, ema_backbone_blocks_10_attn_proj_bias, ema_backbone_blocks_10_norm2_weight, ema_backbone_blocks_10_norm2_bias, ema_backbone_blocks_10_mlp_w1_weight, ema_backbone_blocks_10_mlp_w1_bias, ema_backbone_blocks_10_mlp_w2_weight, ema_backbone_blocks_10_mlp_w2_bias, ema_backbone_blocks_10_mlp_ffn_ln_weight, ema_backbone_blocks_10_mlp_ffn_ln_bias, ema_backbone_blocks_10_mlp_w3_weight, ema_backbone_blocks_10_mlp_w3_bias, ema_backbone_blocks_11_norm1_weight, ema_backbone_blocks_11_norm1_bias, ema_backbone_blocks_11_attn_q_bias, ema_backbone_blocks_11_attn_v_bias, ema_backbone_blocks_11_attn_q_proj_weight, ema_backbone_blocks_11_attn_k_proj_weight, ema_backbone_blocks_11_attn_v_proj_weight, ema_backbone_blocks_11_attn_proj_weight, ema_backbone_blocks_11_attn_proj_bias, ema_backbone_blocks_11_norm2_weight, ema_backbone_blocks_11_norm2_bias, ema_backbone_blocks_11_mlp_w1_weight, ema_backbone_blocks_11_mlp_w1_bias, ema_backbone_blocks_11_mlp_w2_weight, ema_backbone_blocks_11_mlp_w2_bias, ema_backbone_blocks_11_mlp_ffn_ln_weight, ema_backbone_blocks_11_mlp_ffn_ln_bias, ema_backbone_blocks_11_mlp_w3_weight, ema_backbone_blocks_11_mlp_w3_bias, ema_backbone_blocks_12_norm1_weight, ema_backbone_blocks_12_norm1_bias, ema_backbone_blocks_12_attn_q_bias, ema_backbone_blocks_12_attn_v_bias, ema_backbone_blocks_12_attn_q_proj_weight, ema_backbone_blocks_12_attn_k_proj_weight, ema_backbone_blocks_12_attn_v_proj_weight, ema_backbone_blocks_12_attn_rope_freqs_cos, ema_backbone_blocks_12_attn_rope_freqs_sin, ema_backbone_blocks_12_attn_proj_weight, ema_backbone_blocks_12_attn_proj_bias, ema_backbone_blocks_12_norm2_weight, ema_backbone_blocks_12_norm2_bias, ema_backbone_blocks_12_mlp_w1_weight, ema_backbone_blocks_12_mlp_w1_bias, ema_backbone_blocks_12_mlp_w2_weight, ema_backbone_blocks_12_mlp_w2_bias, ema_backbone_blocks_12_mlp_ffn_ln_weight, ema_backbone_blocks_12_mlp_ffn_ln_bias, ema_backbone_blocks_12_mlp_w3_weight, ema_backbone_blocks_12_mlp_w3_bias, ema_backbone_blocks_13_norm1_weight, ema_backbone_blocks_13_norm1_bias, ema_backbone_blocks_13_attn_q_bias, ema_backbone_blocks_13_attn_v_bias, ema_backbone_blocks_13_attn_q_proj_weight, ema_backbone_blocks_13_attn_k_proj_weight, ema_backbone_blocks_13_attn_v_proj_weight, ema_backbone_blocks_13_attn_rope_freqs_cos, ema_backbone_blocks_13_attn_rope_freqs_sin, ema_backbone_blocks_13_attn_proj_weight, ema_backbone_blocks_13_attn_proj_bias, ema_backbone_blocks_13_norm2_weight, ema_backbone_blocks_13_norm2_bias, ema_backbone_blocks_13_mlp_w1_weight, ema_backbone_blocks_13_mlp_w1_bias, ema_backbone_blocks_13_mlp_w2_weight, ema_backbone_blocks_13_mlp_w2_bias, ema_backbone_blocks_13_mlp_ffn_ln_weight, ema_backbone_blocks_13_mlp_ffn_ln_bias, ema_backbone_blocks_13_mlp_w3_weight, ema_backbone_blocks_13_mlp_w3_bias, ema_backbone_blocks_14_norm1_weight, ema_backbone_blocks_14_norm1_bias, ema_backbone_blocks_14_attn_q_bias, ema_backbone_blocks_14_attn_v_bias, ema_backbone_blocks_14_attn_q_proj_weight, ema_backbone_blocks_14_attn_k_proj_weight, ema_backbone_blocks_14_attn_v_proj_weight, ema_backbone_blocks_14_attn_rope_freqs_cos, ema_backbone_blocks_14_attn_rope_freqs_sin, ema_backbone_blocks_14_attn_proj_weight, ema_backbone_blocks_14_attn_proj_bias, ema_backbone_blocks_14_norm2_weight, ema_backbone_blocks_14_norm2_bias, ema_backbone_blocks_14_mlp_w1_weight, ema_backbone_blocks_14_mlp_w1_bias, ema_backbone_blocks_14_mlp_w2_weight, ema_backbone_blocks_14_mlp_w2_bias, ema_backbone_blocks_14_mlp_ffn_ln_weight, ema_backbone_blocks_14_mlp_ffn_ln_bias, ema_backbone_blocks_14_mlp_w3_weight, ema_backbone_blocks_14_mlp_w3_bias, ema_backbone_blocks_15_norm1_weight, ema_backbone_blocks_15_norm1_bias, ema_backbone_blocks_15_attn_q_bias, ema_backbone_blocks_15_attn_v_bias, ema_backbone_blocks_15_attn_q_proj_weight, ema_backbone_blocks_15_attn_k_proj_weight, ema_backbone_blocks_15_attn_v_proj_weight, ema_backbone_blocks_15_attn_proj_weight, ema_backbone_blocks_15_attn_proj_bias, ema_backbone_blocks_15_norm2_weight, ema_backbone_blocks_15_norm2_bias, ema_backbone_blocks_15_mlp_w1_weight, ema_backbone_blocks_15_mlp_w1_bias, ema_backbone_blocks_15_mlp_w2_weight, ema_backbone_blocks_15_mlp_w2_bias, ema_backbone_blocks_15_mlp_ffn_ln_weight, ema_backbone_blocks_15_mlp_ffn_ln_bias, ema_backbone_blocks_15_mlp_w3_weight, ema_backbone_blocks_15_mlp_w3_bias, ema_backbone_blocks_16_norm1_weight, ema_backbone_blocks_16_norm1_bias, ema_backbone_blocks_16_attn_q_bias, ema_backbone_blocks_16_attn_v_bias, ema_backbone_blocks_16_attn_q_proj_weight, ema_backbone_blocks_16_attn_k_proj_weight, ema_backbone_blocks_16_attn_v_proj_weight, ema_backbone_blocks_16_attn_rope_freqs_cos, ema_backbone_blocks_16_attn_rope_freqs_sin, ema_backbone_blocks_16_attn_proj_weight, ema_backbone_blocks_16_attn_proj_bias, ema_backbone_blocks_16_norm2_weight, ema_backbone_blocks_16_norm2_bias, ema_backbone_blocks_16_mlp_w1_weight, ema_backbone_blocks_16_mlp_w1_bias, ema_backbone_blocks_16_mlp_w2_weight, ema_backbone_blocks_16_mlp_w2_bias, ema_backbone_blocks_16_mlp_ffn_ln_weight, ema_backbone_blocks_16_mlp_ffn_ln_bias, ema_backbone_blocks_16_mlp_w3_weight, ema_backbone_blocks_16_mlp_w3_bias, ema_backbone_blocks_17_norm1_weight, ema_backbone_blocks_17_norm1_bias, ema_backbone_blocks_17_attn_q_bias, ema_backbone_blocks_17_attn_v_bias, ema_backbone_blocks_17_attn_q_proj_weight, ema_backbone_blocks_17_attn_k_proj_weight, ema_backbone_blocks_17_attn_v_proj_weight, ema_backbone_blocks_17_attn_rope_freqs_cos, ema_backbone_blocks_17_attn_rope_freqs_sin, ema_backbone_blocks_17_attn_proj_weight, ema_backbone_blocks_17_attn_proj_bias, ema_backbone_blocks_17_norm2_weight, ema_backbone_blocks_17_norm2_bias, ema_backbone_blocks_17_mlp_w1_weight, ema_backbone_blocks_17_mlp_w1_bias, ema_backbone_blocks_17_mlp_w2_weight, ema_backbone_blocks_17_mlp_w2_bias, ema_backbone_blocks_17_mlp_ffn_ln_weight, ema_backbone_blocks_17_mlp_ffn_ln_bias, ema_backbone_blocks_17_mlp_w3_weight, ema_backbone_blocks_17_mlp_w3_bias, ema_backbone_blocks_18_norm1_weight, ema_backbone_blocks_18_norm1_bias, ema_backbone_blocks_18_attn_q_bias, ema_backbone_blocks_18_attn_v_bias, ema_backbone_blocks_18_attn_q_proj_weight, ema_backbone_blocks_18_attn_k_proj_weight, ema_backbone_blocks_18_attn_v_proj_weight, ema_backbone_blocks_18_attn_rope_freqs_cos, ema_backbone_blocks_18_attn_rope_freqs_sin, ema_backbone_blocks_18_attn_proj_weight, ema_backbone_blocks_18_attn_proj_bias, ema_backbone_blocks_18_norm2_weight, ema_backbone_blocks_18_norm2_bias, ema_backbone_blocks_18_mlp_w1_weight, ema_backbone_blocks_18_mlp_w1_bias, ema_backbone_blocks_18_mlp_w2_weight, ema_backbone_blocks_18_mlp_w2_bias, ema_backbone_blocks_18_mlp_ffn_ln_weight, ema_backbone_blocks_18_mlp_ffn_ln_bias, ema_backbone_blocks_18_mlp_w3_weight, ema_backbone_blocks_18_mlp_w3_bias, ema_backbone_blocks_19_norm1_weight, ema_backbone_blocks_19_norm1_bias, ema_backbone_blocks_19_attn_q_bias, ema_backbone_blocks_19_attn_v_bias, ema_backbone_blocks_19_attn_q_proj_weight, ema_backbone_blocks_19_attn_k_proj_weight, ema_backbone_blocks_19_attn_v_proj_weight, ema_backbone_blocks_19_attn_proj_weight, ema_backbone_blocks_19_attn_proj_bias, ema_backbone_blocks_19_norm2_weight, ema_backbone_blocks_19_norm2_bias, ema_backbone_blocks_19_mlp_w1_weight, ema_backbone_blocks_19_mlp_w1_bias, ema_backbone_blocks_19_mlp_w2_weight, ema_backbone_blocks_19_mlp_w2_bias, ema_backbone_blocks_19_mlp_ffn_ln_weight, ema_backbone_blocks_19_mlp_ffn_ln_bias, ema_backbone_blocks_19_mlp_w3_weight, ema_backbone_blocks_19_mlp_w3_bias, ema_backbone_blocks_20_norm1_weight, ema_backbone_blocks_20_norm1_bias, ema_backbone_blocks_20_attn_q_bias, ema_backbone_blocks_20_attn_v_bias, ema_backbone_blocks_20_attn_q_proj_weight, ema_backbone_blocks_20_attn_k_proj_weight, ema_backbone_blocks_20_attn_v_proj_weight, ema_backbone_blocks_20_attn_rope_freqs_cos, ema_backbone_blocks_20_attn_rope_freqs_sin, ema_backbone_blocks_20_attn_proj_weight, ema_backbone_blocks_20_attn_proj_bias, ema_backbone_blocks_20_norm2_weight, ema_backbone_blocks_20_norm2_bias, ema_backbone_blocks_20_mlp_w1_weight, ema_backbone_blocks_20_mlp_w1_bias, ema_backbone_blocks_20_mlp_w2_weight, ema_backbone_blocks_20_mlp_w2_bias, ema_backbone_blocks_20_mlp_ffn_ln_weight, ema_backbone_blocks_20_mlp_ffn_ln_bias, ema_backbone_blocks_20_mlp_w3_weight, ema_backbone_blocks_20_mlp_w3_bias, ema_backbone_blocks_21_norm1_weight, ema_backbone_blocks_21_norm1_bias, ema_backbone_blocks_21_attn_q_bias, ema_backbone_blocks_21_attn_v_bias, ema_backbone_blocks_21_attn_q_proj_weight, ema_backbone_blocks_21_attn_k_proj_weight, ema_backbone_blocks_21_attn_v_proj_weight, ema_backbone_blocks_21_attn_rope_freqs_cos, ema_backbone_blocks_21_attn_rope_freqs_sin, ema_backbone_blocks_21_attn_proj_weight, ema_backbone_blocks_21_attn_proj_bias, ema_backbone_blocks_21_norm2_weight, ema_backbone_blocks_21_norm2_bias, ema_backbone_blocks_21_mlp_w1_weight, ema_backbone_blocks_21_mlp_w1_bias, ema_backbone_blocks_21_mlp_w2_weight, ema_backbone_blocks_21_mlp_w2_bias, ema_backbone_blocks_21_mlp_ffn_ln_weight, ema_backbone_blocks_21_mlp_ffn_ln_bias, ema_backbone_blocks_21_mlp_w3_weight, ema_backbone_blocks_21_mlp_w3_bias, ema_backbone_blocks_22_norm1_weight, ema_backbone_blocks_22_norm1_bias, ema_backbone_blocks_22_attn_q_bias, ema_backbone_blocks_22_attn_v_bias, ema_backbone_blocks_22_attn_q_proj_weight, ema_backbone_blocks_22_attn_k_proj_weight, ema_backbone_blocks_22_attn_v_proj_weight, ema_backbone_blocks_22_attn_rope_freqs_cos, ema_backbone_blocks_22_attn_rope_freqs_sin, ema_backbone_blocks_22_attn_proj_weight, ema_backbone_blocks_22_attn_proj_bias, ema_backbone_blocks_22_norm2_weight, ema_backbone_blocks_22_norm2_bias, ema_backbone_blocks_22_mlp_w1_weight, ema_backbone_blocks_22_mlp_w1_bias, ema_backbone_blocks_22_mlp_w2_weight, ema_backbone_blocks_22_mlp_w2_bias, ema_backbone_blocks_22_mlp_ffn_ln_weight, ema_backbone_blocks_22_mlp_ffn_ln_bias, ema_backbone_blocks_22_mlp_w3_weight, ema_backbone_blocks_22_mlp_w3_bias, ema_backbone_blocks_23_norm1_weight, ema_backbone_blocks_23_norm1_bias, ema_backbone_blocks_23_attn_q_bias, ema_backbone_blocks_23_attn_v_bias, ema_backbone_blocks_23_attn_q_proj_weight, ema_backbone_blocks_23_attn_k_proj_weight, ema_backbone_blocks_23_attn_v_proj_weight, ema_backbone_blocks_23_attn_proj_weight, ema_backbone_blocks_23_attn_proj_bias, ema_backbone_blocks_23_norm2_weight, ema_backbone_blocks_23_norm2_bias, ema_backbone_blocks_23_mlp_w1_weight, ema_backbone_blocks_23_mlp_w1_bias, ema_backbone_blocks_23_mlp_w2_weight, ema_backbone_blocks_23_mlp_w2_bias, ema_backbone_blocks_23_mlp_ffn_ln_weight, ema_backbone_blocks_23_mlp_ffn_ln_bias, ema_backbone_blocks_23_mlp_w3_weight, ema_backbone_blocks_23_mlp_w3_bias, ema_backbone_out_norm_weight, ema_backbone_out_norm_bias, ema_neck_p2_1_weight, ema_neck_p2_2_weight, ema_neck_p2_2_bias, ema_neck_p2_5_weight, ema_neck_p2_6_weight, ema_neck_p2_6_bias, ema_neck_p2_8_weight, ema_neck_p2_9_weight, ema_neck_p2_9_bias, ema_neck_p2_11_weight, ema_neck_p2_12_weight, ema_neck_p2_12_bias, ema_neck_p3_1_weight, ema_neck_p3_2_weight, ema_neck_p3_2_bias, ema_neck_p3_4_weight, ema_neck_p3_5_weight, ema_neck_p3_5_bias, ema_neck_p3_7_weight, ema_neck_p3_8_weight, ema_neck_p3_8_bias, ema_neck_p4_0_weight, ema_neck_p4_1_weight, ema_neck_p4_1_bias, ema_neck_p4_3_weight, ema_neck_p4_4_weight, ema_neck_p4_4_bias, ema_neck_p5_1_weight, ema_neck_p5_2_weight, ema_neck_p5_2_bias, ema_neck_p5_4_weight, ema_neck_p5_5_weight, ema_neck_p5_5_bias, ema_neck_p6_1_weight, ema_neck_p6_2_weight, ema_neck_p6_2_bias, ema_neck_p6_4_weight, ema_neck_p6_5_weight, ema_neck_p6_5_bias, ema_neck_p6_7_weight, ema_neck_p6_8_weight, ema_neck_p6_8_bias, ema_query_head_transformer_level_embeds, ema_query_head_transformer_encoder_layers_0_attentions_0_sampling_offsets_weight, ema_query_head_transformer_encoder_layers_0_attentions_0_sampling_offsets_bias, ema_query_head_transformer_encoder_layers_0_attentions_0_attention_weights_weight, ema_query_head_transformer_encoder_layers_0_attentions_0_attention_weights_bias, ema_query_head_transformer_encoder_layers_0_attentions_0_value_proj_weight, ema_query_head_transformer_encoder_layers_0_attentions_0_value_proj_bias, ema_query_head_transformer_encoder_layers_0_attentions_0_output_proj_weight, ema_query_head_transformer_encoder_layers_0_attentions_0_output_proj_bias, ema_query_head_transformer_encoder_layers_0_ffns_0_layers_0_0_weight, ema_query_head_transformer_encoder_layers_0_ffns_0_layers_0_0_bias, ema_query_head_transformer_encoder_layers_0_ffns_0_layers_1_weight, ema_query_head_transformer_encoder_layers_0_ffns_0_layers_1_bias, ema_query_head_transformer_encoder_layers_0_norms_0_weight, ema_query_head_transformer_encoder_layers_0_norms_0_bias, ema_query_head_transformer_encoder_layers_0_norms_1_weight, ema_query_head_transformer_encoder_layers_0_norms_1_bias, ema_query_head_transformer_encoder_layers_1_attentions_0_sampling_offsets_weight, ema_query_head_transformer_encoder_layers_1_attentions_0_sampling_offsets_bias, ema_query_head_transformer_encoder_layers_1_attentions_0_attention_weights_weight, ema_query_head_transformer_encoder_layers_1_attentions_0_attention_weights_bias, ema_query_head_transformer_encoder_layers_1_attentions_0_value_proj_weight, ema_query_head_transformer_encoder_layers_1_attentions_0_value_proj_bias, ema_query_head_transformer_encoder_layers_1_attentions_0_output_proj_weight, ema_query_head_transformer_encoder_layers_1_attentions_0_output_proj_bias, ema_query_head_transformer_encoder_layers_1_ffns_0_layers_0_0_weight, ema_query_head_transformer_encoder_layers_1_ffns_0_layers_0_0_bias, ema_query_head_transformer_encoder_layers_1_ffns_0_layers_1_weight, ema_query_head_transformer_encoder_layers_1_ffns_0_layers_1_bias, ema_query_head_transformer_encoder_layers_1_norms_0_weight, ema_query_head_transformer_encoder_layers_1_norms_0_bias, ema_query_head_transformer_encoder_layers_1_norms_1_weight, ema_query_head_transformer_encoder_layers_1_norms_1_bias, ema_query_head_transformer_encoder_layers_2_attentions_0_sampling_offsets_weight, ema_query_head_transformer_encoder_layers_2_attentions_0_sampling_offsets_bias, ema_query_head_transformer_encoder_layers_2_attentions_0_attention_weights_weight, ema_query_head_transformer_encoder_layers_2_attentions_0_attention_weights_bias, ema_query_head_transformer_encoder_layers_2_attentions_0_value_proj_weight, ema_query_head_transformer_encoder_layers_2_attentions_0_value_proj_bias, ema_query_head_transformer_encoder_layers_2_attentions_0_output_proj_weight, ema_query_head_transformer_encoder_layers_2_attentions_0_output_proj_bias, ema_query_head_transformer_encoder_layers_2_ffns_0_layers_0_0_weight, ema_query_head_transformer_encoder_layers_2_ffns_0_layers_0_0_bias, ema_query_head_transformer_encoder_layers_2_ffns_0_layers_1_weight, ema_query_head_transformer_encoder_layers_2_ffns_0_layers_1_bias, ema_query_head_transformer_encoder_layers_2_norms_0_weight, ema_query_head_transformer_encoder_layers_2_norms_0_bias, ema_query_head_transformer_encoder_layers_2_norms_1_weight, ema_query_head_transformer_encoder_layers_2_norms_1_bias, ema_query_head_transformer_encoder_layers_3_attentions_0_sampling_offsets_weight, ema_query_head_transformer_encoder_layers_3_attentions_0_sampling_offsets_bias, ema_query_head_transformer_encoder_layers_3_attentions_0_attention_weights_weight, ema_query_head_transformer_encoder_layers_3_attentions_0_attention_weights_bias, ema_query_head_transformer_encoder_layers_3_attentions_0_value_proj_weight, ema_query_head_transformer_encoder_layers_3_attentions_0_value_proj_bias, ema_query_head_transformer_encoder_layers_3_attentions_0_output_proj_weight, ema_query_head_transformer_encoder_layers_3_attentions_0_output_proj_bias, ema_query_head_transformer_encoder_layers_3_ffns_0_layers_0_0_weight, ema_query_head_transformer_encoder_layers_3_ffns_0_layers_0_0_bias, ema_query_head_transformer_encoder_layers_3_ffns_0_layers_1_weight, ema_query_head_transformer_encoder_layers_3_ffns_0_layers_1_bias, ema_query_head_transformer_encoder_layers_3_norms_0_weight, ema_query_head_transformer_encoder_layers_3_norms_0_bias, ema_query_head_transformer_encoder_layers_3_norms_1_weight, ema_query_head_transformer_encoder_layers_3_norms_1_bias, ema_query_head_transformer_encoder_layers_4_attentions_0_sampling_offsets_weight, ema_query_head_transformer_encoder_layers_4_attentions_0_sampling_offsets_bias, ema_query_head_transformer_encoder_layers_4_attentions_0_attention_weights_weight, ema_query_head_transformer_encoder_layers_4_attentions_0_attention_weights_bias, ema_query_head_transformer_encoder_layers_4_attentions_0_value_proj_weight, ema_query_head_transformer_encoder_layers_4_attentions_0_value_proj_bias, ema_query_head_transformer_encoder_layers_4_attentions_0_output_proj_weight, ema_query_head_transformer_encoder_layers_4_attentions_0_output_proj_bias, ema_query_head_transformer_encoder_layers_4_ffns_0_layers_0_0_weight, ema_query_head_transformer_encoder_layers_4_ffns_0_layers_0_0_bias, ema_query_head_transformer_encoder_layers_4_ffns_0_layers_1_weight, ema_query_head_transformer_encoder_layers_4_ffns_0_layers_1_bias, ema_query_head_transformer_encoder_layers_4_norms_0_weight, ema_query_head_transformer_encoder_layers_4_norms_0_bias, ema_query_head_transformer_encoder_layers_4_norms_1_weight, ema_query_head_transformer_encoder_layers_4_norms_1_bias, ema_query_head_transformer_encoder_layers_5_attentions_0_sampling_offsets_weight, ema_query_head_transformer_encoder_layers_5_attentions_0_sampling_offsets_bias, ema_query_head_transformer_encoder_layers_5_attentions_0_attention_weights_weight, ema_query_head_transformer_encoder_layers_5_attentions_0_attention_weights_bias, ema_query_head_transformer_encoder_layers_5_attentions_0_value_proj_weight, ema_query_head_transformer_encoder_layers_5_attentions_0_value_proj_bias, ema_query_head_transformer_encoder_layers_5_attentions_0_output_proj_weight, ema_query_head_transformer_encoder_layers_5_attentions_0_output_proj_bias, ema_query_head_transformer_encoder_layers_5_ffns_0_layers_0_0_weight, ema_query_head_transformer_encoder_layers_5_ffns_0_layers_0_0_bias, ema_query_head_transformer_encoder_layers_5_ffns_0_layers_1_weight, ema_query_head_transformer_encoder_layers_5_ffns_0_layers_1_bias, ema_query_head_transformer_encoder_layers_5_norms_0_weight, ema_query_head_transformer_encoder_layers_5_norms_0_bias, ema_query_head_transformer_encoder_layers_5_norms_1_weight, ema_query_head_transformer_encoder_layers_5_norms_1_bias, ema_query_head_transformer_decoder_layers_0_attentions_0_attn_in_proj_weight, ema_query_head_transformer_decoder_layers_0_attentions_0_attn_in_proj_bias, ema_query_head_transformer_decoder_layers_0_attentions_0_attn_out_proj_weight, ema_query_head_transformer_decoder_layers_0_attentions_0_attn_out_proj_bias, ema_query_head_transformer_decoder_layers_0_attentions_1_sampling_offsets_weight, ema_query_head_transformer_decoder_layers_0_attentions_1_sampling_offsets_bias, ema_query_head_transformer_decoder_layers_0_attentions_1_attention_weights_weight, ema_query_head_transformer_decoder_layers_0_attentions_1_attention_weights_bias, ema_query_head_transformer_decoder_layers_0_attentions_1_value_proj_weight, ema_query_head_transformer_decoder_layers_0_attentions_1_value_proj_bias, ema_query_head_transformer_decoder_layers_0_attentions_1_output_proj_weight, ema_query_head_transformer_decoder_layers_0_attentions_1_output_proj_bias, ema_query_head_transformer_decoder_layers_0_ffns_0_layers_0_0_weight, ema_query_head_transformer_decoder_layers_0_ffns_0_layers_0_0_bias, ema_query_head_transformer_decoder_layers_0_ffns_0_layers_1_weight, ema_query_head_transformer_decoder_layers_0_ffns_0_layers_1_bias, ema_query_head_transformer_decoder_layers_0_norms_0_weight, ema_query_head_transformer_decoder_layers_0_norms_0_bias, ema_query_head_transformer_decoder_layers_0_norms_1_weight, ema_query_head_transformer_decoder_layers_0_norms_1_bias, ema_query_head_transformer_decoder_layers_0_norms_2_weight, ema_query_head_transformer_decoder_layers_0_norms_2_bias, ema_query_head_transformer_decoder_layers_1_attentions_0_attn_in_proj_weight, ema_query_head_transformer_decoder_layers_1_attentions_0_attn_in_proj_bias, ema_query_head_transformer_decoder_layers_1_attentions_0_attn_out_proj_weight, ema_query_head_transformer_decoder_layers_1_attentions_0_attn_out_proj_bias, ema_query_head_transformer_decoder_layers_1_attentions_1_sampling_offsets_weight, ema_query_head_transformer_decoder_layers_1_attentions_1_sampling_offsets_bias, ema_query_head_transformer_decoder_layers_1_attentions_1_attention_weights_weight, ema_query_head_transformer_decoder_layers_1_attentions_1_attention_weights_bias, ema_query_head_transformer_decoder_layers_1_attentions_1_value_proj_weight, ema_query_head_transformer_decoder_layers_1_attentions_1_value_proj_bias, ema_query_head_transformer_decoder_layers_1_attentions_1_output_proj_weight, ema_query_head_transformer_decoder_layers_1_attentions_1_output_proj_bias, ema_query_head_transformer_decoder_layers_1_ffns_0_layers_0_0_weight, ema_query_head_transformer_decoder_layers_1_ffns_0_layers_0_0_bias, ema_query_head_transformer_decoder_layers_1_ffns_0_layers_1_weight, ema_query_head_transformer_decoder_layers_1_ffns_0_layers_1_bias, ema_query_head_transformer_decoder_layers_1_norms_0_weight, ema_query_head_transformer_decoder_layers_1_norms_0_bias, ema_query_head_transformer_decoder_layers_1_norms_1_weight, ema_query_head_transformer_decoder_layers_1_norms_1_bias, ema_query_head_transformer_decoder_layers_1_norms_2_weight, ema_query_head_transformer_decoder_layers_1_norms_2_bias, ema_query_head_transformer_decoder_layers_2_attentions_0_attn_in_proj_weight, ema_query_head_transformer_decoder_layers_2_attentions_0_attn_in_proj_bias, ema_query_head_transformer_decoder_layers_2_attentions_0_attn_out_proj_weight, ema_query_head_transformer_decoder_layers_2_attentions_0_attn_out_proj_bias, ema_query_head_transformer_decoder_layers_2_attentions_1_sampling_offsets_weight, ema_query_head_transformer_decoder_layers_2_attentions_1_sampling_offsets_bias, ema_query_head_transformer_decoder_layers_2_attentions_1_attention_weights_weight, ema_query_head_transformer_decoder_layers_2_attentions_1_attention_weights_bias, ema_query_head_transformer_decoder_layers_2_attentions_1_value_proj_weight, ema_query_head_transformer_decoder_layers_2_attentions_1_value_proj_bias, ema_query_head_transformer_decoder_layers_2_attentions_1_output_proj_weight, ema_query_head_transformer_decoder_layers_2_attentions_1_output_proj_bias, ema_query_head_transformer_decoder_layers_2_ffns_0_layers_0_0_weight, ema_query_head_transformer_decoder_layers_2_ffns_0_layers_0_0_bias, ema_query_head_transformer_decoder_layers_2_ffns_0_layers_1_weight, ema_query_head_transformer_decoder_layers_2_ffns_0_layers_1_bias, ema_query_head_transformer_decoder_layers_2_norms_0_weight, ema_query_head_transformer_decoder_layers_2_norms_0_bias, ema_query_head_transformer_decoder_layers_2_norms_1_weight, ema_query_head_transformer_decoder_layers_2_norms_1_bias, ema_query_head_transformer_decoder_layers_2_norms_2_weight, ema_query_head_transformer_decoder_layers_2_norms_2_bias, ema_query_head_transformer_decoder_layers_3_attentions_0_attn_in_proj_weight, ema_query_head_transformer_decoder_layers_3_attentions_0_attn_in_proj_bias, ema_query_head_transformer_decoder_layers_3_attentions_0_attn_out_proj_weight, ema_query_head_transformer_decoder_layers_3_attentions_0_attn_out_proj_bias, ema_query_head_transformer_decoder_layers_3_attentions_1_sampling_offsets_weight, ema_query_head_transformer_decoder_layers_3_attentions_1_sampling_offsets_bias, ema_query_head_transformer_decoder_layers_3_attentions_1_attention_weights_weight, ema_query_head_transformer_decoder_layers_3_attentions_1_attention_weights_bias, ema_query_head_transformer_decoder_layers_3_attentions_1_value_proj_weight, ema_query_head_transformer_decoder_layers_3_attentions_1_value_proj_bias, ema_query_head_transformer_decoder_layers_3_attentions_1_output_proj_weight, ema_query_head_transformer_decoder_layers_3_attentions_1_output_proj_bias, ema_query_head_transformer_decoder_layers_3_ffns_0_layers_0_0_weight, ema_query_head_transformer_decoder_layers_3_ffns_0_layers_0_0_bias, ema_query_head_transformer_decoder_layers_3_ffns_0_layers_1_weight, ema_query_head_transformer_decoder_layers_3_ffns_0_layers_1_bias, ema_query_head_transformer_decoder_layers_3_norms_0_weight, ema_query_head_transformer_decoder_layers_3_norms_0_bias, ema_query_head_transformer_decoder_layers_3_norms_1_weight, ema_query_head_transformer_decoder_layers_3_norms_1_bias, ema_query_head_transformer_decoder_layers_3_norms_2_weight, ema_query_head_transformer_decoder_layers_3_norms_2_bias, ema_query_head_transformer_decoder_layers_4_attentions_0_attn_in_proj_weight, ema_query_head_transformer_decoder_layers_4_attentions_0_attn_in_proj_bias, ema_query_head_transformer_decoder_layers_4_attentions_0_attn_out_proj_weight, ema_query_head_transformer_decoder_layers_4_attentions_0_attn_out_proj_bias, ema_query_head_transformer_decoder_layers_4_attentions_1_sampling_offsets_weight, ema_query_head_transformer_decoder_layers_4_attentions_1_sampling_offsets_bias, ema_query_head_transformer_decoder_layers_4_attentions_1_attention_weights_weight, ema_query_head_transformer_decoder_layers_4_attentions_1_attention_weights_bias, ema_query_head_transformer_decoder_layers_4_attentions_1_value_proj_weight, ema_query_head_transformer_decoder_layers_4_attentions_1_value_proj_bias, ema_query_head_transformer_decoder_layers_4_attentions_1_output_proj_weight, ema_query_head_transformer_decoder_layers_4_attentions_1_output_proj_bias, ema_query_head_transformer_decoder_layers_4_ffns_0_layers_0_0_weight, ema_query_head_transformer_decoder_layers_4_ffns_0_layers_0_0_bias, ema_query_head_transformer_decoder_layers_4_ffns_0_layers_1_weight, ema_query_head_transformer_decoder_layers_4_ffns_0_layers_1_bias, ema_query_head_transformer_decoder_layers_4_norms_0_weight, ema_query_head_transformer_decoder_layers_4_norms_0_bias, ema_query_head_transformer_decoder_layers_4_norms_1_weight, ema_query_head_transformer_decoder_layers_4_norms_1_bias, ema_query_head_transformer_decoder_layers_4_norms_2_weight, ema_query_head_transformer_decoder_layers_4_norms_2_bias, ema_query_head_transformer_decoder_layers_5_attentions_0_attn_in_proj_weight, ema_query_head_transformer_decoder_layers_5_attentions_0_attn_in_proj_bias, ema_query_head_transformer_decoder_layers_5_attentions_0_attn_out_proj_weight, ema_query_head_transformer_decoder_layers_5_attentions_0_attn_out_proj_bias, ema_query_head_transformer_decoder_layers_5_attentions_1_sampling_offsets_weight, ema_query_head_transformer_decoder_layers_5_attentions_1_sampling_offsets_bias, ema_query_head_transformer_decoder_layers_5_attentions_1_attention_weights_weight, ema_query_head_transformer_decoder_layers_5_attentions_1_attention_weights_bias, ema_query_head_transformer_decoder_layers_5_attentions_1_value_proj_weight, ema_query_head_transformer_decoder_layers_5_attentions_1_value_proj_bias, ema_query_head_transformer_decoder_layers_5_attentions_1_output_proj_weight, ema_query_head_transformer_decoder_layers_5_attentions_1_output_proj_bias, ema_query_head_transformer_decoder_layers_5_ffns_0_layers_0_0_weight, ema_query_head_transformer_decoder_layers_5_ffns_0_layers_0_0_bias, ema_query_head_transformer_decoder_layers_5_ffns_0_layers_1_weight, ema_query_head_transformer_decoder_layers_5_ffns_0_layers_1_bias, ema_query_head_transformer_decoder_layers_5_norms_0_weight, ema_query_head_transformer_decoder_layers_5_norms_0_bias, ema_query_head_transformer_decoder_layers_5_norms_1_weight, ema_query_head_transformer_decoder_layers_5_norms_1_bias, ema_query_head_transformer_decoder_layers_5_norms_2_weight, ema_query_head_transformer_decoder_layers_5_norms_2_bias, ema_query_head_transformer_decoder_ref_point_head_0_weight, ema_query_head_transformer_decoder_ref_point_head_0_bias, ema_query_head_transformer_decoder_ref_point_head_2_weight, ema_query_head_transformer_decoder_ref_point_head_2_bias, ema_query_head_transformer_decoder_norm_weight, ema_query_head_transformer_decoder_norm_bias, ema_query_head_transformer_enc_output_weight, ema_query_head_transformer_enc_output_bias, ema_query_head_transformer_enc_output_norm_weight, ema_query_head_transformer_enc_output_norm_bias, ema_query_head_transformer_query_embed_weight, ema_query_head_transformer_aux_pos_trans_0_weight, ema_query_head_transformer_aux_pos_trans_0_bias, ema_query_head_transformer_aux_pos_trans_1_weight, ema_query_head_transformer_aux_pos_trans_1_bias, ema_query_head_transformer_aux_pos_trans_norm_0_weight, ema_query_head_transformer_aux_pos_trans_norm_0_bias, ema_query_head_transformer_aux_pos_trans_norm_1_weight, ema_query_head_transformer_aux_pos_trans_norm_1_bias, ema_query_head_cls_branches_0_weight, ema_query_head_cls_branches_0_bias, ema_query_head_cls_branches_1_weight, ema_query_head_cls_branches_1_bias, ema_query_head_cls_branches_2_weight, ema_query_head_cls_branches_2_bias, ema_query_head_cls_branches_3_weight, ema_query_head_cls_branches_3_bias, ema_query_head_cls_branches_4_weight, ema_query_head_cls_branches_4_bias, ema_query_head_cls_branches_5_weight, ema_query_head_cls_branches_5_bias, ema_query_head_cls_branches_6_weight, ema_query_head_cls_branches_6_bias, ema_query_head_reg_branches_0_0_weight, ema_query_head_reg_branches_0_0_bias, ema_query_head_reg_branches_0_2_weight, ema_query_head_reg_branches_0_2_bias, ema_query_head_reg_branches_0_4_weight, ema_query_head_reg_branches_0_4_bias, ema_query_head_reg_branches_1_0_weight, ema_query_head_reg_branches_1_0_bias, ema_query_head_reg_branches_1_2_weight, ema_query_head_reg_branches_1_2_bias, ema_query_head_reg_branches_1_4_weight, ema_query_head_reg_branches_1_4_bias, ema_query_head_reg_branches_2_0_weight, ema_query_head_reg_branches_2_0_bias, ema_query_head_reg_branches_2_2_weight, ema_query_head_reg_branches_2_2_bias, ema_query_head_reg_branches_2_4_weight, ema_query_head_reg_branches_2_4_bias, ema_query_head_reg_branches_3_0_weight, ema_query_head_reg_branches_3_0_bias, ema_query_head_reg_branches_3_2_weight, ema_query_head_reg_branches_3_2_bias, ema_query_head_reg_branches_3_4_weight, ema_query_head_reg_branches_3_4_bias, ema_query_head_reg_branches_4_0_weight, ema_query_head_reg_branches_4_0_bias, ema_query_head_reg_branches_4_2_weight, ema_query_head_reg_branches_4_2_bias, ema_query_head_reg_branches_4_4_weight, ema_query_head_reg_branches_4_4_bias, ema_query_head_reg_branches_5_0_weight, ema_query_head_reg_branches_5_0_bias, ema_query_head_reg_branches_5_2_weight, ema_query_head_reg_branches_5_2_bias, ema_query_head_reg_branches_5_4_weight, ema_query_head_reg_branches_5_4_bias, ema_query_head_reg_branches_6_0_weight, ema_query_head_reg_branches_6_0_bias, ema_query_head_reg_branches_6_2_weight, ema_query_head_reg_branches_6_2_bias, ema_query_head_reg_branches_6_4_weight, ema_query_head_reg_branches_6_4_bias, ema_query_head_label_embedding_weight, ema_query_head_downsample_0_weight, ema_query_head_downsample_0_bias, ema_query_head_downsample_1_weight, ema_query_head_downsample_1_bias, ema_rpn_head_rpn_conv_weight, ema_rpn_head_rpn_conv_bias, ema_rpn_head_rpn_cls_weight, ema_rpn_head_rpn_cls_bias, ema_rpn_head_rpn_reg_weight, ema_rpn_head_rpn_reg_bias, ema_roi_head_0_bbox_head_fc_cls_weight, ema_roi_head_0_bbox_head_fc_cls_bias, ema_roi_head_0_bbox_head_fc_reg_weight, ema_roi_head_0_bbox_head_fc_reg_bias, ema_roi_head_0_bbox_head_shared_convs_0_conv_weight, ema_roi_head_0_bbox_head_shared_convs_0_gn_weight, ema_roi_head_0_bbox_head_shared_convs_0_gn_bias, ema_roi_head_0_bbox_head_shared_convs_1_conv_weight, ema_roi_head_0_bbox_head_shared_convs_1_gn_weight, ema_roi_head_0_bbox_head_shared_convs_1_gn_bias, ema_roi_head_0_bbox_head_shared_convs_2_conv_weight, ema_roi_head_0_bbox_head_shared_convs_2_gn_weight, ema_roi_head_0_bbox_head_shared_convs_2_gn_bias, ema_roi_head_0_bbox_head_shared_convs_3_conv_weight, ema_roi_head_0_bbox_head_shared_convs_3_gn_weight, ema_roi_head_0_bbox_head_shared_convs_3_gn_bias, ema_roi_head_0_bbox_head_shared_fcs_0_weight, ema_roi_head_0_bbox_head_shared_fcs_0_bias, ema_bbox_head_0_cls_convs_0_conv_weight, ema_bbox_head_0_cls_convs_0_gn_weight, ema_bbox_head_0_cls_convs_0_gn_bias, ema_bbox_head_0_reg_convs_0_conv_weight, ema_bbox_head_0_reg_convs_0_gn_weight, ema_bbox_head_0_reg_convs_0_gn_bias, ema_bbox_head_0_atss_cls_weight, ema_bbox_head_0_atss_cls_bias, ema_bbox_head_0_atss_reg_weight, ema_bbox_head_0_atss_reg_bias, ema_bbox_head_0_atss_centerness_weight, ema_bbox_head_0_atss_centerness_bias, ema_bbox_head_0_scales_0_scale, ema_bbox_head_0_scales_1_scale, ema_bbox_head_0_scales_2_scale, ema_bbox_head_0_scales_3_scale, ema_bbox_head_0_scales_4_scale, ema_bbox_head_0_scales_5_scale

Model loaded successfully!

Running inference on 000001.jpg...
12/17 02:07:16 - mmengine - WARNING - "FileClient" will be deprecated in future. Please use io functions in https://mmengine.readthedocs.io/en/latest/api/fileio.html#file-io
12/17 02:07:16 - mmengine - WARNING - "HardDiskBackend" is the alias of "LocalBackend" and the former will be deprecated in future.
[DEBUG collate] first type: dict, batch len: 1
[DEBUG collate] first type: list, batch len: 1
[DEBUG collate] List/tuple branch: len(transposed)=1
[DEBUG collate] first type: DataContainer, batch len: 1
[DEBUG collate] Returning batch of DataContainers: ['DataContainer']
[DEBUG collate] first type: list, batch len: 1
[DEBUG collate] List/tuple branch: len(transposed)=1
[DEBUG collate] first type: DataContainer, batch len: 1
[DEBUG collate] Returning batch of DataContainers: ['DataContainer']
[DEBUG collate] Dict result keys: dict_keys(['img_metas', 'img']), img_metas type: <class 'list'>
